app/admin/cars/new/page.tsx(47,5): error TS2322: Type 'Resolver<{ make: string; model: string; year: unknown; status: "Available" | "Rented" | "Sold" | "Maintenance" | "Reserved"; vehicle_type: "Rent" | "Sales" | "Service" | "Other"; vin: string; license_plate: string; current_mileage: unknown; rental_rate_daily?: unknown; purchase_price?: unknown; }, any, { ...; }>' is not assignable to type 'Resolver<{ make: string; model: string; year: number; status: "Available" | "Rented" | "Sold" | "Maintenance" | "Reserved"; vehicle_type: "Rent" | "Sales" | "Service" | "Other"; vin: string; license_plate: string; current_mileage: number; rental_rate_daily?: number | undefined; purchase_price?: number | undefined; }...'.
  Types of parameters 'options' and 'options' are incompatible.
    Type 'ResolverOptions<{ make: string; model: string; year: number; status: "Available" | "Rented" | "Sold" | "Maintenance" | "Reserved"; vehicle_type: "Rent" | "Sales" | "Service" | "Other"; vin: string; license_plate: string; current_mileage: number; rental_rate_daily?: number | undefined; purchase_price?: number | undef...' is not assignable to type 'ResolverOptions<{ make: string; model: string; year: unknown; status: "Available" | "Rented" | "Sold" | "Maintenance" | "Reserved"; vehicle_type: "Rent" | "Sales" | "Service" | "Other"; vin: string; license_plate: string; current_mileage: unknown; rental_rate_daily?: unknown; purchase_price?: unknown; }>'.
      Type 'unknown' is not assignable to type 'number'.
app/admin/cars/new/page.tsx(127,47): error TS2345: Argument of type '(values: { make: string; model: string; year: number; status: "Available" | "Rented" | "Sold" | "Maintenance" | "Reserved"; vehicle_type: "Rent" | "Sales" | "Service" | "Other"; vin: string; license_plate: string; current_mileage: number; rental_rate_daily?: number | undefined; purchase_price?: number | undefined; }...' is not assignable to parameter of type 'SubmitHandler<TFieldValues>'.
  Types of parameters 'values' and 'data' are incompatible.
    Type 'TFieldValues' is not assignable to type '{ make: string; model: string; year: number; status: "Available" | "Rented" | "Sold" | "Maintenance" | "Reserved"; vehicle_type: "Rent" | "Sales" | "Service" | "Other"; vin: string; license_plate: string; current_mileage: number; rental_rate_daily?: number | undefined; purchase_price?: number | undefined; }'.
      Type 'FieldValues' is missing the following properties from type '{ make: string; model: string; year: number; status: "Available" | "Rented" | "Sold" | "Maintenance" | "Reserved"; vehicle_type: "Rent" | "Sales" | "Service" | "Other"; vin: string; license_plate: string; current_mileage: number; rental_rate_daily?: number | undefined; purchase_price?: number | undefined; }': make, model, year, status, and 4 more.
app/admin/cars/new/page.tsx(130,19): error TS2719: Type 'import("E:/web-projects/web-mobile-work-apps/nextjs-16-car-rental/node_modules/react-hook-form/dist/types/form").Control<{ make: string; model: string; year: number; status: "Available" | "Rented" | "Sold" | "Maintenance" | "Reserved"; vehicle_type: "Rent" | "Sales" | "Service" | "Other"; vin: string; license_plate:...' is not assignable to type 'import("E:/web-projects/web-mobile-work-apps/nextjs-16-car-rental/node_modules/react-hook-form/dist/types/form").Control<{ make: string; model: string; year: number; status: "Available" | "Rented" | "Sold" | "Maintenance" | "Reserved"; vehicle_type: "Rent" | "Sales" | "Service" | "Other"; vin: string; license_plate:...'. Two different types with this name exist, but they are unrelated.
  The types of '_options.resolver' are incompatible between these types.
    Type 'import("E:/web-projects/web-mobile-work-apps/nextjs-16-car-rental/node_modules/react-hook-form/dist/types/resolvers").Resolver<{ make: string; model: string; year: number; status: "Available" | "Rented" | "Sold" | "Maintenance" | "Reserved"; vehicle_type: "Rent" | "Sales" | "Service" | "Other"; vin: string; license_...' is not assignable to type 'import("E:/web-projects/web-mobile-work-apps/nextjs-16-car-rental/node_modules/react-hook-form/dist/types/resolvers").Resolver<{ make: string; model: string; year: number; status: "Available" | "Rented" | "Sold" | "Maintenance" | "Reserved"; vehicle_type: "Rent" | "Sales" | "Service" | "Other"; vin: string; license_...'. Two different types with this name exist, but they are unrelated.
      Type 'import("E:/web-projects/web-mobile-work-apps/nextjs-16-car-rental/node_modules/react-hook-form/dist/types/resolvers").Resolver<{ make: string; model: string; year: number; status: "Available" | "Rented" | "Sold" | "Maintenance" | "Reserved"; vehicle_type: "Rent" | "Sales" | "Service" | "Other"; vin: string; license_...' is not assignable to type 'import("E:/web-projects/web-mobile-work-apps/nextjs-16-car-rental/node_modules/react-hook-form/dist/types/resolvers").Resolver<{ make: string; model: string; year: number; status: "Available" | "Rented" | "Sold" | "Maintenance" | "Reserved"; vehicle_type: "Rent" | "Sales" | "Service" | "Other"; vin: string; license_...'. Two different types with this name exist, but they are unrelated.
        Type 'import("E:/web-projects/web-mobile-work-apps/nextjs-16-car-rental/node_modules/react-hook-form/dist/types/resolvers").ResolverResult<{ make: string; model: string; year: number; status: "Available" | "Rented" | "Sold" | "Maintenance" | "Reserved"; vehicle_type: "Rent" | "Sales" | "Service" | "Other"; vin: string; li...' is not assignable to type 'import("E:/web-projects/web-mobile-work-apps/nextjs-16-car-rental/node_modules/react-hook-form/dist/types/resolvers").ResolverResult<{ make: string; model: string; year: number; status: "Available" | "Rented" | "Sold" | "Maintenance" | "Reserved"; vehicle_type: "Rent" | "Sales" | "Service" | "Other"; vin: string; li...'. Two different types with this name exist, but they are unrelated.
          Type 'ResolverSuccess<TFieldValues>' is not assignable to type 'ResolverResult<{ make: string; model: string; year: number; status: "Available" | "Rented" | "Sold" | "Maintenance" | "Reserved"; vehicle_type: "Rent" | "Sales" | "Service" | "Other"; vin: string; license_plate: string; current_mileage: number; rental_rate_daily?: number | undefined; purchase_price?: number | undefi...'.
            Type 'ResolverSuccess<TFieldValues>' is not assignable to type 'ResolverSuccess<{ make: string; model: string; year: number; status: "Available" | "Rented" | "Sold" | "Maintenance" | "Reserved"; vehicle_type: "Rent" | "Sales" | "Service" | "Other"; vin: string; license_plate: string; current_mileage: number; rental_rate_daily?: number | undefined; purchase_price?: number | undef...'.
              Type 'TFieldValues' is not assignable to type '{ make: string; model: string; year: number; status: "Available" | "Rented" | "Sold" | "Maintenance" | "Reserved"; vehicle_type: "Rent" | "Sales" | "Service" | "Other"; vin: string; license_plate: string; current_mileage: number; rental_rate_daily?: number | undefined; purchase_price?: number | undefined; }'.
                Type 'FieldValues' is missing the following properties from type '{ make: string; model: string; year: number; status: "Available" | "Rented" | "Sold" | "Maintenance" | "Reserved"; vehicle_type: "Rent" | "Sales" | "Service" | "Other"; vin: string; license_plate: string; current_mileage: number; rental_rate_daily?: number | undefined; purchase_price?: number | undefined; }': make, model, year, status, and 4 more.
app/admin/cars/new/page.tsx(143,19): error TS2719: Type 'import("E:/web-projects/web-mobile-work-apps/nextjs-16-car-rental/node_modules/react-hook-form/dist/types/form").Control<{ make: string; model: string; year: number; status: "Available" | "Rented" | "Sold" | "Maintenance" | "Reserved"; vehicle_type: "Rent" | "Sales" | "Service" | "Other"; vin: string; license_plate:...' is not assignable to type 'import("E:/web-projects/web-mobile-work-apps/nextjs-16-car-rental/node_modules/react-hook-form/dist/types/form").Control<{ make: string; model: string; year: number; status: "Available" | "Rented" | "Sold" | "Maintenance" | "Reserved"; vehicle_type: "Rent" | "Sales" | "Service" | "Other"; vin: string; license_plate:...'. Two different types with this name exist, but they are unrelated.
  The types of '_options.resolver' are incompatible between these types.
    Type 'import("E:/web-projects/web-mobile-work-apps/nextjs-16-car-rental/node_modules/react-hook-form/dist/types/resolvers").Resolver<{ make: string; model: string; year: number; status: "Available" | "Rented" | "Sold" | "Maintenance" | "Reserved"; vehicle_type: "Rent" | "Sales" | "Service" | "Other"; vin: string; license_...' is not assignable to type 'import("E:/web-projects/web-mobile-work-apps/nextjs-16-car-rental/node_modules/react-hook-form/dist/types/resolvers").Resolver<{ make: string; model: string; year: number; status: "Available" | "Rented" | "Sold" | "Maintenance" | "Reserved"; vehicle_type: "Rent" | "Sales" | "Service" | "Other"; vin: string; license_...'. Two different types with this name exist, but they are unrelated.
      Type 'import("E:/web-projects/web-mobile-work-apps/nextjs-16-car-rental/node_modules/react-hook-form/dist/types/resolvers").Resolver<{ make: string; model: string; year: number; status: "Available" | "Rented" | "Sold" | "Maintenance" | "Reserved"; vehicle_type: "Rent" | "Sales" | "Service" | "Other"; vin: string; license_...' is not assignable to type 'import("E:/web-projects/web-mobile-work-apps/nextjs-16-car-rental/node_modules/react-hook-form/dist/types/resolvers").Resolver<{ make: string; model: string; year: number; status: "Available" | "Rented" | "Sold" | "Maintenance" | "Reserved"; vehicle_type: "Rent" | "Sales" | "Service" | "Other"; vin: string; license_...'. Two different types with this name exist, but they are unrelated.
        Type 'import("E:/web-projects/web-mobile-work-apps/nextjs-16-car-rental/node_modules/react-hook-form/dist/types/resolvers").ResolverResult<{ make: string; model: string; year: number; status: "Available" | "Rented" | "Sold" | "Maintenance" | "Reserved"; vehicle_type: "Rent" | "Sales" | "Service" | "Other"; vin: string; li...' is not assignable to type 'import("E:/web-projects/web-mobile-work-apps/nextjs-16-car-rental/node_modules/react-hook-form/dist/types/resolvers").ResolverResult<{ make: string; model: string; year: number; status: "Available" | "Rented" | "Sold" | "Maintenance" | "Reserved"; vehicle_type: "Rent" | "Sales" | "Service" | "Other"; vin: string; li...'. Two different types with this name exist, but they are unrelated.
          Type 'ResolverSuccess<TFieldValues>' is not assignable to type 'ResolverResult<{ make: string; model: string; year: number; status: "Available" | "Rented" | "Sold" | "Maintenance" | "Reserved"; vehicle_type: "Rent" | "Sales" | "Service" | "Other"; vin: string; license_plate: string; current_mileage: number; rental_rate_daily?: number | undefined; purchase_price?: number | undefi...'.
            Type 'ResolverSuccess<TFieldValues>' is not assignable to type 'ResolverSuccess<{ make: string; model: string; year: number; status: "Available" | "Rented" | "Sold" | "Maintenance" | "Reserved"; vehicle_type: "Rent" | "Sales" | "Service" | "Other"; vin: string; license_plate: string; current_mileage: number; rental_rate_daily?: number | undefined; purchase_price?: number | undef...'.
              Type 'TFieldValues' is not assignable to type '{ make: string; model: string; year: number; status: "Available" | "Rented" | "Sold" | "Maintenance" | "Reserved"; vehicle_type: "Rent" | "Sales" | "Service" | "Other"; vin: string; license_plate: string; current_mileage: number; rental_rate_daily?: number | undefined; purchase_price?: number | undefined; }'.
                Type 'FieldValues' is missing the following properties from type '{ make: string; model: string; year: number; status: "Available" | "Rented" | "Sold" | "Maintenance" | "Reserved"; vehicle_type: "Rent" | "Sales" | "Service" | "Other"; vin: string; license_plate: string; current_mileage: number; rental_rate_daily?: number | undefined; purchase_price?: number | undefined; }': make, model, year, status, and 4 more.
app/admin/cars/new/page.tsx(159,19): error TS2719: Type 'import("E:/web-projects/web-mobile-work-apps/nextjs-16-car-rental/node_modules/react-hook-form/dist/types/form").Control<{ make: string; model: string; year: number; status: "Available" | "Rented" | "Sold" | "Maintenance" | "Reserved"; vehicle_type: "Rent" | "Sales" | "Service" | "Other"; vin: string; license_plate:...' is not assignable to type 'import("E:/web-projects/web-mobile-work-apps/nextjs-16-car-rental/node_modules/react-hook-form/dist/types/form").Control<{ make: string; model: string; year: number; status: "Available" | "Rented" | "Sold" | "Maintenance" | "Reserved"; vehicle_type: "Rent" | "Sales" | "Service" | "Other"; vin: string; license_plate:...'. Two different types with this name exist, but they are unrelated.
  The types of '_options.resolver' are incompatible between these types.
    Type 'import("E:/web-projects/web-mobile-work-apps/nextjs-16-car-rental/node_modules/react-hook-form/dist/types/resolvers").Resolver<{ make: string; model: string; year: number; status: "Available" | "Rented" | "Sold" | "Maintenance" | "Reserved"; vehicle_type: "Rent" | "Sales" | "Service" | "Other"; vin: string; license_...' is not assignable to type 'import("E:/web-projects/web-mobile-work-apps/nextjs-16-car-rental/node_modules/react-hook-form/dist/types/resolvers").Resolver<{ make: string; model: string; year: number; status: "Available" | "Rented" | "Sold" | "Maintenance" | "Reserved"; vehicle_type: "Rent" | "Sales" | "Service" | "Other"; vin: string; license_...'. Two different types with this name exist, but they are unrelated.
      Type 'import("E:/web-projects/web-mobile-work-apps/nextjs-16-car-rental/node_modules/react-hook-form/dist/types/resolvers").Resolver<{ make: string; model: string; year: number; status: "Available" | "Rented" | "Sold" | "Maintenance" | "Reserved"; vehicle_type: "Rent" | "Sales" | "Service" | "Other"; vin: string; license_...' is not assignable to type 'import("E:/web-projects/web-mobile-work-apps/nextjs-16-car-rental/node_modules/react-hook-form/dist/types/resolvers").Resolver<{ make: string; model: string; year: number; status: "Available" | "Rented" | "Sold" | "Maintenance" | "Reserved"; vehicle_type: "Rent" | "Sales" | "Service" | "Other"; vin: string; license_...'. Two different types with this name exist, but they are unrelated.
        Type 'import("E:/web-projects/web-mobile-work-apps/nextjs-16-car-rental/node_modules/react-hook-form/dist/types/resolvers").ResolverResult<{ make: string; model: string; year: number; status: "Available" | "Rented" | "Sold" | "Maintenance" | "Reserved"; vehicle_type: "Rent" | "Sales" | "Service" | "Other"; vin: string; li...' is not assignable to type 'import("E:/web-projects/web-mobile-work-apps/nextjs-16-car-rental/node_modules/react-hook-form/dist/types/resolvers").ResolverResult<{ make: string; model: string; year: number; status: "Available" | "Rented" | "Sold" | "Maintenance" | "Reserved"; vehicle_type: "Rent" | "Sales" | "Service" | "Other"; vin: string; li...'. Two different types with this name exist, but they are unrelated.
          Type 'ResolverSuccess<TFieldValues>' is not assignable to type 'ResolverResult<{ make: string; model: string; year: number; status: "Available" | "Rented" | "Sold" | "Maintenance" | "Reserved"; vehicle_type: "Rent" | "Sales" | "Service" | "Other"; vin: string; license_plate: string; current_mileage: number; rental_rate_daily?: number | undefined; purchase_price?: number | undefi...'.
            Type 'ResolverSuccess<TFieldValues>' is not assignable to type 'ResolverSuccess<{ make: string; model: string; year: number; status: "Available" | "Rented" | "Sold" | "Maintenance" | "Reserved"; vehicle_type: "Rent" | "Sales" | "Service" | "Other"; vin: string; license_plate: string; current_mileage: number; rental_rate_daily?: number | undefined; purchase_price?: number | undef...'.
              Type 'TFieldValues' is not assignable to type '{ make: string; model: string; year: number; status: "Available" | "Rented" | "Sold" | "Maintenance" | "Reserved"; vehicle_type: "Rent" | "Sales" | "Service" | "Other"; vin: string; license_plate: string; current_mileage: number; rental_rate_daily?: number | undefined; purchase_price?: number | undefined; }'.
                Type 'FieldValues' is missing the following properties from type '{ make: string; model: string; year: number; status: "Available" | "Rented" | "Sold" | "Maintenance" | "Reserved"; vehicle_type: "Rent" | "Sales" | "Service" | "Other"; vin: string; license_plate: string; current_mileage: number; rental_rate_daily?: number | undefined; purchase_price?: number | undefined; }': make, model, year, status, and 4 more.
app/admin/cars/new/page.tsx(172,19): error TS2719: Type 'import("E:/web-projects/web-mobile-work-apps/nextjs-16-car-rental/node_modules/react-hook-form/dist/types/form").Control<{ make: string; model: string; year: number; status: "Available" | "Rented" | "Sold" | "Maintenance" | "Reserved"; vehicle_type: "Rent" | "Sales" | "Service" | "Other"; vin: string; license_plate:...' is not assignable to type 'import("E:/web-projects/web-mobile-work-apps/nextjs-16-car-rental/node_modules/react-hook-form/dist/types/form").Control<{ make: string; model: string; year: number; status: "Available" | "Rented" | "Sold" | "Maintenance" | "Reserved"; vehicle_type: "Rent" | "Sales" | "Service" | "Other"; vin: string; license_plate:...'. Two different types with this name exist, but they are unrelated.
  The types of '_options.resolver' are incompatible between these types.
    Type 'import("E:/web-projects/web-mobile-work-apps/nextjs-16-car-rental/node_modules/react-hook-form/dist/types/resolvers").Resolver<{ make: string; model: string; year: number; status: "Available" | "Rented" | "Sold" | "Maintenance" | "Reserved"; vehicle_type: "Rent" | "Sales" | "Service" | "Other"; vin: string; license_...' is not assignable to type 'import("E:/web-projects/web-mobile-work-apps/nextjs-16-car-rental/node_modules/react-hook-form/dist/types/resolvers").Resolver<{ make: string; model: string; year: number; status: "Available" | "Rented" | "Sold" | "Maintenance" | "Reserved"; vehicle_type: "Rent" | "Sales" | "Service" | "Other"; vin: string; license_...'. Two different types with this name exist, but they are unrelated.
      Type 'import("E:/web-projects/web-mobile-work-apps/nextjs-16-car-rental/node_modules/react-hook-form/dist/types/resolvers").Resolver<{ make: string; model: string; year: number; status: "Available" | "Rented" | "Sold" | "Maintenance" | "Reserved"; vehicle_type: "Rent" | "Sales" | "Service" | "Other"; vin: string; license_...' is not assignable to type 'import("E:/web-projects/web-mobile-work-apps/nextjs-16-car-rental/node_modules/react-hook-form/dist/types/resolvers").Resolver<{ make: string; model: string; year: number; status: "Available" | "Rented" | "Sold" | "Maintenance" | "Reserved"; vehicle_type: "Rent" | "Sales" | "Service" | "Other"; vin: string; license_...'. Two different types with this name exist, but they are unrelated.
        Type 'import("E:/web-projects/web-mobile-work-apps/nextjs-16-car-rental/node_modules/react-hook-form/dist/types/resolvers").ResolverResult<{ make: string; model: string; year: number; status: "Available" | "Rented" | "Sold" | "Maintenance" | "Reserved"; vehicle_type: "Rent" | "Sales" | "Service" | "Other"; vin: string; li...' is not assignable to type 'import("E:/web-projects/web-mobile-work-apps/nextjs-16-car-rental/node_modules/react-hook-form/dist/types/resolvers").ResolverResult<{ make: string; model: string; year: number; status: "Available" | "Rented" | "Sold" | "Maintenance" | "Reserved"; vehicle_type: "Rent" | "Sales" | "Service" | "Other"; vin: string; li...'. Two different types with this name exist, but they are unrelated.
          Type 'ResolverSuccess<TFieldValues>' is not assignable to type 'ResolverResult<{ make: string; model: string; year: number; status: "Available" | "Rented" | "Sold" | "Maintenance" | "Reserved"; vehicle_type: "Rent" | "Sales" | "Service" | "Other"; vin: string; license_plate: string; current_mileage: number; rental_rate_daily?: number | undefined; purchase_price?: number | undefi...'.
            Type 'ResolverSuccess<TFieldValues>' is not assignable to type 'ResolverSuccess<{ make: string; model: string; year: number; status: "Available" | "Rented" | "Sold" | "Maintenance" | "Reserved"; vehicle_type: "Rent" | "Sales" | "Service" | "Other"; vin: string; license_plate: string; current_mileage: number; rental_rate_daily?: number | undefined; purchase_price?: number | undef...'.
              Type 'TFieldValues' is not assignable to type '{ make: string; model: string; year: number; status: "Available" | "Rented" | "Sold" | "Maintenance" | "Reserved"; vehicle_type: "Rent" | "Sales" | "Service" | "Other"; vin: string; license_plate: string; current_mileage: number; rental_rate_daily?: number | undefined; purchase_price?: number | undefined; }'.
                Type 'FieldValues' is missing the following properties from type '{ make: string; model: string; year: number; status: "Available" | "Rented" | "Sold" | "Maintenance" | "Reserved"; vehicle_type: "Rent" | "Sales" | "Service" | "Other"; vin: string; license_plate: string; current_mileage: number; rental_rate_daily?: number | undefined; purchase_price?: number | undefined; }': make, model, year, status, and 4 more.
app/admin/cars/new/page.tsx(197,19): error TS2719: Type 'import("E:/web-projects/web-mobile-work-apps/nextjs-16-car-rental/node_modules/react-hook-form/dist/types/form").Control<{ make: string; model: string; year: number; status: "Available" | "Rented" | "Sold" | "Maintenance" | "Reserved"; vehicle_type: "Rent" | "Sales" | "Service" | "Other"; vin: string; license_plate:...' is not assignable to type 'import("E:/web-projects/web-mobile-work-apps/nextjs-16-car-rental/node_modules/react-hook-form/dist/types/form").Control<{ make: string; model: string; year: number; status: "Available" | "Rented" | "Sold" | "Maintenance" | "Reserved"; vehicle_type: "Rent" | "Sales" | "Service" | "Other"; vin: string; license_plate:...'. Two different types with this name exist, but they are unrelated.
  The types of '_options.resolver' are incompatible between these types.
    Type 'import("E:/web-projects/web-mobile-work-apps/nextjs-16-car-rental/node_modules/react-hook-form/dist/types/resolvers").Resolver<{ make: string; model: string; year: number; status: "Available" | "Rented" | "Sold" | "Maintenance" | "Reserved"; vehicle_type: "Rent" | "Sales" | "Service" | "Other"; vin: string; license_...' is not assignable to type 'import("E:/web-projects/web-mobile-work-apps/nextjs-16-car-rental/node_modules/react-hook-form/dist/types/resolvers").Resolver<{ make: string; model: string; year: number; status: "Available" | "Rented" | "Sold" | "Maintenance" | "Reserved"; vehicle_type: "Rent" | "Sales" | "Service" | "Other"; vin: string; license_...'. Two different types with this name exist, but they are unrelated.
      Type 'import("E:/web-projects/web-mobile-work-apps/nextjs-16-car-rental/node_modules/react-hook-form/dist/types/resolvers").Resolver<{ make: string; model: string; year: number; status: "Available" | "Rented" | "Sold" | "Maintenance" | "Reserved"; vehicle_type: "Rent" | "Sales" | "Service" | "Other"; vin: string; license_...' is not assignable to type 'import("E:/web-projects/web-mobile-work-apps/nextjs-16-car-rental/node_modules/react-hook-form/dist/types/resolvers").Resolver<{ make: string; model: string; year: number; status: "Available" | "Rented" | "Sold" | "Maintenance" | "Reserved"; vehicle_type: "Rent" | "Sales" | "Service" | "Other"; vin: string; license_...'. Two different types with this name exist, but they are unrelated.
        Type 'import("E:/web-projects/web-mobile-work-apps/nextjs-16-car-rental/node_modules/react-hook-form/dist/types/resolvers").ResolverResult<{ make: string; model: string; year: number; status: "Available" | "Rented" | "Sold" | "Maintenance" | "Reserved"; vehicle_type: "Rent" | "Sales" | "Service" | "Other"; vin: string; li...' is not assignable to type 'import("E:/web-projects/web-mobile-work-apps/nextjs-16-car-rental/node_modules/react-hook-form/dist/types/resolvers").ResolverResult<{ make: string; model: string; year: number; status: "Available" | "Rented" | "Sold" | "Maintenance" | "Reserved"; vehicle_type: "Rent" | "Sales" | "Service" | "Other"; vin: string; li...'. Two different types with this name exist, but they are unrelated.
          Type 'ResolverSuccess<TFieldValues>' is not assignable to type 'ResolverResult<{ make: string; model: string; year: number; status: "Available" | "Rented" | "Sold" | "Maintenance" | "Reserved"; vehicle_type: "Rent" | "Sales" | "Service" | "Other"; vin: string; license_plate: string; current_mileage: number; rental_rate_daily?: number | undefined; purchase_price?: number | undefi...'.
            Type 'ResolverSuccess<TFieldValues>' is not assignable to type 'ResolverSuccess<{ make: string; model: string; year: number; status: "Available" | "Rented" | "Sold" | "Maintenance" | "Reserved"; vehicle_type: "Rent" | "Sales" | "Service" | "Other"; vin: string; license_plate: string; current_mileage: number; rental_rate_daily?: number | undefined; purchase_price?: number | undef...'.
              Type 'TFieldValues' is not assignable to type '{ make: string; model: string; year: number; status: "Available" | "Rented" | "Sold" | "Maintenance" | "Reserved"; vehicle_type: "Rent" | "Sales" | "Service" | "Other"; vin: string; license_plate: string; current_mileage: number; rental_rate_daily?: number | undefined; purchase_price?: number | undefined; }'.
                Type 'FieldValues' is missing the following properties from type '{ make: string; model: string; year: number; status: "Available" | "Rented" | "Sold" | "Maintenance" | "Reserved"; vehicle_type: "Rent" | "Sales" | "Service" | "Other"; vin: string; license_plate: string; current_mileage: number; rental_rate_daily?: number | undefined; purchase_price?: number | undefined; }': make, model, year, status, and 4 more.
app/admin/cars/new/page.tsx(217,19): error TS2719: Type 'import("E:/web-projects/web-mobile-work-apps/nextjs-16-car-rental/node_modules/react-hook-form/dist/types/form").Control<{ make: string; model: string; year: number; status: "Available" | "Rented" | "Sold" | "Maintenance" | "Reserved"; vehicle_type: "Rent" | "Sales" | "Service" | "Other"; vin: string; license_plate:...' is not assignable to type 'import("E:/web-projects/web-mobile-work-apps/nextjs-16-car-rental/node_modules/react-hook-form/dist/types/form").Control<{ make: string; model: string; year: number; status: "Available" | "Rented" | "Sold" | "Maintenance" | "Reserved"; vehicle_type: "Rent" | "Sales" | "Service" | "Other"; vin: string; license_plate:...'. Two different types with this name exist, but they are unrelated.
  The types of '_options.resolver' are incompatible between these types.
    Type 'import("E:/web-projects/web-mobile-work-apps/nextjs-16-car-rental/node_modules/react-hook-form/dist/types/resolvers").Resolver<{ make: string; model: string; year: number; status: "Available" | "Rented" | "Sold" | "Maintenance" | "Reserved"; vehicle_type: "Rent" | "Sales" | "Service" | "Other"; vin: string; license_...' is not assignable to type 'import("E:/web-projects/web-mobile-work-apps/nextjs-16-car-rental/node_modules/react-hook-form/dist/types/resolvers").Resolver<{ make: string; model: string; year: number; status: "Available" | "Rented" | "Sold" | "Maintenance" | "Reserved"; vehicle_type: "Rent" | "Sales" | "Service" | "Other"; vin: string; license_...'. Two different types with this name exist, but they are unrelated.
      Type 'import("E:/web-projects/web-mobile-work-apps/nextjs-16-car-rental/node_modules/react-hook-form/dist/types/resolvers").Resolver<{ make: string; model: string; year: number; status: "Available" | "Rented" | "Sold" | "Maintenance" | "Reserved"; vehicle_type: "Rent" | "Sales" | "Service" | "Other"; vin: string; license_...' is not assignable to type 'import("E:/web-projects/web-mobile-work-apps/nextjs-16-car-rental/node_modules/react-hook-form/dist/types/resolvers").Resolver<{ make: string; model: string; year: number; status: "Available" | "Rented" | "Sold" | "Maintenance" | "Reserved"; vehicle_type: "Rent" | "Sales" | "Service" | "Other"; vin: string; license_...'. Two different types with this name exist, but they are unrelated.
        Type 'import("E:/web-projects/web-mobile-work-apps/nextjs-16-car-rental/node_modules/react-hook-form/dist/types/resolvers").ResolverResult<{ make: string; model: string; year: number; status: "Available" | "Rented" | "Sold" | "Maintenance" | "Reserved"; vehicle_type: "Rent" | "Sales" | "Service" | "Other"; vin: string; li...' is not assignable to type 'import("E:/web-projects/web-mobile-work-apps/nextjs-16-car-rental/node_modules/react-hook-form/dist/types/resolvers").ResolverResult<{ make: string; model: string; year: number; status: "Available" | "Rented" | "Sold" | "Maintenance" | "Reserved"; vehicle_type: "Rent" | "Sales" | "Service" | "Other"; vin: string; li...'. Two different types with this name exist, but they are unrelated.
          Type 'ResolverSuccess<TFieldValues>' is not assignable to type 'ResolverResult<{ make: string; model: string; year: number; status: "Available" | "Rented" | "Sold" | "Maintenance" | "Reserved"; vehicle_type: "Rent" | "Sales" | "Service" | "Other"; vin: string; license_plate: string; current_mileage: number; rental_rate_daily?: number | undefined; purchase_price?: number | undefi...'.
            Type 'ResolverSuccess<TFieldValues>' is not assignable to type 'ResolverSuccess<{ make: string; model: string; year: number; status: "Available" | "Rented" | "Sold" | "Maintenance" | "Reserved"; vehicle_type: "Rent" | "Sales" | "Service" | "Other"; vin: string; license_plate: string; current_mileage: number; rental_rate_daily?: number | undefined; purchase_price?: number | undef...'.
              Type 'TFieldValues' is not assignable to type '{ make: string; model: string; year: number; status: "Available" | "Rented" | "Sold" | "Maintenance" | "Reserved"; vehicle_type: "Rent" | "Sales" | "Service" | "Other"; vin: string; license_plate: string; current_mileage: number; rental_rate_daily?: number | undefined; purchase_price?: number | undefined; }'.
                Type 'FieldValues' is missing the following properties from type '{ make: string; model: string; year: number; status: "Available" | "Rented" | "Sold" | "Maintenance" | "Reserved"; vehicle_type: "Rent" | "Sales" | "Service" | "Other"; vin: string; license_plate: string; current_mileage: number; rental_rate_daily?: number | undefined; purchase_price?: number | undefined; }': make, model, year, status, and 4 more.
app/admin/cars/new/page.tsx(233,19): error TS2719: Type 'import("E:/web-projects/web-mobile-work-apps/nextjs-16-car-rental/node_modules/react-hook-form/dist/types/form").Control<{ make: string; model: string; year: number; status: "Available" | "Rented" | "Sold" | "Maintenance" | "Reserved"; vehicle_type: "Rent" | "Sales" | "Service" | "Other"; vin: string; license_plate:...' is not assignable to type 'import("E:/web-projects/web-mobile-work-apps/nextjs-16-car-rental/node_modules/react-hook-form/dist/types/form").Control<{ make: string; model: string; year: number; status: "Available" | "Rented" | "Sold" | "Maintenance" | "Reserved"; vehicle_type: "Rent" | "Sales" | "Service" | "Other"; vin: string; license_plate:...'. Two different types with this name exist, but they are unrelated.
  The types of '_options.resolver' are incompatible between these types.
    Type 'import("E:/web-projects/web-mobile-work-apps/nextjs-16-car-rental/node_modules/react-hook-form/dist/types/resolvers").Resolver<{ make: string; model: string; year: number; status: "Available" | "Rented" | "Sold" | "Maintenance" | "Reserved"; vehicle_type: "Rent" | "Sales" | "Service" | "Other"; vin: string; license_...' is not assignable to type 'import("E:/web-projects/web-mobile-work-apps/nextjs-16-car-rental/node_modules/react-hook-form/dist/types/resolvers").Resolver<{ make: string; model: string; year: number; status: "Available" | "Rented" | "Sold" | "Maintenance" | "Reserved"; vehicle_type: "Rent" | "Sales" | "Service" | "Other"; vin: string; license_...'. Two different types with this name exist, but they are unrelated.
      Type 'import("E:/web-projects/web-mobile-work-apps/nextjs-16-car-rental/node_modules/react-hook-form/dist/types/resolvers").Resolver<{ make: string; model: string; year: number; status: "Available" | "Rented" | "Sold" | "Maintenance" | "Reserved"; vehicle_type: "Rent" | "Sales" | "Service" | "Other"; vin: string; license_...' is not assignable to type 'import("E:/web-projects/web-mobile-work-apps/nextjs-16-car-rental/node_modules/react-hook-form/dist/types/resolvers").Resolver<{ make: string; model: string; year: number; status: "Available" | "Rented" | "Sold" | "Maintenance" | "Reserved"; vehicle_type: "Rent" | "Sales" | "Service" | "Other"; vin: string; license_...'. Two different types with this name exist, but they are unrelated.
        Type 'import("E:/web-projects/web-mobile-work-apps/nextjs-16-car-rental/node_modules/react-hook-form/dist/types/resolvers").ResolverResult<{ make: string; model: string; year: number; status: "Available" | "Rented" | "Sold" | "Maintenance" | "Reserved"; vehicle_type: "Rent" | "Sales" | "Service" | "Other"; vin: string; li...' is not assignable to type 'import("E:/web-projects/web-mobile-work-apps/nextjs-16-car-rental/node_modules/react-hook-form/dist/types/resolvers").ResolverResult<{ make: string; model: string; year: number; status: "Available" | "Rented" | "Sold" | "Maintenance" | "Reserved"; vehicle_type: "Rent" | "Sales" | "Service" | "Other"; vin: string; li...'. Two different types with this name exist, but they are unrelated.
          Type 'ResolverSuccess<TFieldValues>' is not assignable to type 'ResolverResult<{ make: string; model: string; year: number; status: "Available" | "Rented" | "Sold" | "Maintenance" | "Reserved"; vehicle_type: "Rent" | "Sales" | "Service" | "Other"; vin: string; license_plate: string; current_mileage: number; rental_rate_daily?: number | undefined; purchase_price?: number | undefi...'.
            Type 'ResolverSuccess<TFieldValues>' is not assignable to type 'ResolverSuccess<{ make: string; model: string; year: number; status: "Available" | "Rented" | "Sold" | "Maintenance" | "Reserved"; vehicle_type: "Rent" | "Sales" | "Service" | "Other"; vin: string; license_plate: string; current_mileage: number; rental_rate_daily?: number | undefined; purchase_price?: number | undef...'.
              Type 'TFieldValues' is not assignable to type '{ make: string; model: string; year: number; status: "Available" | "Rented" | "Sold" | "Maintenance" | "Reserved"; vehicle_type: "Rent" | "Sales" | "Service" | "Other"; vin: string; license_plate: string; current_mileage: number; rental_rate_daily?: number | undefined; purchase_price?: number | undefined; }'.
                Type 'FieldValues' is missing the following properties from type '{ make: string; model: string; year: number; status: "Available" | "Rented" | "Sold" | "Maintenance" | "Reserved"; vehicle_type: "Rent" | "Sales" | "Service" | "Other"; vin: string; license_plate: string; current_mileage: number; rental_rate_daily?: number | undefined; purchase_price?: number | undefined; }': make, model, year, status, and 4 more.
app/admin/cars/new/page.tsx(247,19): error TS2719: Type 'import("E:/web-projects/web-mobile-work-apps/nextjs-16-car-rental/node_modules/react-hook-form/dist/types/form").Control<{ make: string; model: string; year: number; status: "Available" | "Rented" | "Sold" | "Maintenance" | "Reserved"; vehicle_type: "Rent" | "Sales" | "Service" | "Other"; vin: string; license_plate:...' is not assignable to type 'import("E:/web-projects/web-mobile-work-apps/nextjs-16-car-rental/node_modules/react-hook-form/dist/types/form").Control<{ make: string; model: string; year: number; status: "Available" | "Rented" | "Sold" | "Maintenance" | "Reserved"; vehicle_type: "Rent" | "Sales" | "Service" | "Other"; vin: string; license_plate:...'. Two different types with this name exist, but they are unrelated.
  The types of '_options.resolver' are incompatible between these types.
    Type 'import("E:/web-projects/web-mobile-work-apps/nextjs-16-car-rental/node_modules/react-hook-form/dist/types/resolvers").Resolver<{ make: string; model: string; year: number; status: "Available" | "Rented" | "Sold" | "Maintenance" | "Reserved"; vehicle_type: "Rent" | "Sales" | "Service" | "Other"; vin: string; license_...' is not assignable to type 'import("E:/web-projects/web-mobile-work-apps/nextjs-16-car-rental/node_modules/react-hook-form/dist/types/resolvers").Resolver<{ make: string; model: string; year: number; status: "Available" | "Rented" | "Sold" | "Maintenance" | "Reserved"; vehicle_type: "Rent" | "Sales" | "Service" | "Other"; vin: string; license_...'. Two different types with this name exist, but they are unrelated.
      Type 'import("E:/web-projects/web-mobile-work-apps/nextjs-16-car-rental/node_modules/react-hook-form/dist/types/resolvers").Resolver<{ make: string; model: string; year: number; status: "Available" | "Rented" | "Sold" | "Maintenance" | "Reserved"; vehicle_type: "Rent" | "Sales" | "Service" | "Other"; vin: string; license_...' is not assignable to type 'import("E:/web-projects/web-mobile-work-apps/nextjs-16-car-rental/node_modules/react-hook-form/dist/types/resolvers").Resolver<{ make: string; model: string; year: number; status: "Available" | "Rented" | "Sold" | "Maintenance" | "Reserved"; vehicle_type: "Rent" | "Sales" | "Service" | "Other"; vin: string; license_...'. Two different types with this name exist, but they are unrelated.
        Type 'import("E:/web-projects/web-mobile-work-apps/nextjs-16-car-rental/node_modules/react-hook-form/dist/types/resolvers").ResolverResult<{ make: string; model: string; year: number; status: "Available" | "Rented" | "Sold" | "Maintenance" | "Reserved"; vehicle_type: "Rent" | "Sales" | "Service" | "Other"; vin: string; li...' is not assignable to type 'import("E:/web-projects/web-mobile-work-apps/nextjs-16-car-rental/node_modules/react-hook-form/dist/types/resolvers").ResolverResult<{ make: string; model: string; year: number; status: "Available" | "Rented" | "Sold" | "Maintenance" | "Reserved"; vehicle_type: "Rent" | "Sales" | "Service" | "Other"; vin: string; li...'. Two different types with this name exist, but they are unrelated.
          Type 'ResolverSuccess<TFieldValues>' is not assignable to type 'ResolverResult<{ make: string; model: string; year: number; status: "Available" | "Rented" | "Sold" | "Maintenance" | "Reserved"; vehicle_type: "Rent" | "Sales" | "Service" | "Other"; vin: string; license_plate: string; current_mileage: number; rental_rate_daily?: number | undefined; purchase_price?: number | undefi...'.
            Type 'ResolverSuccess<TFieldValues>' is not assignable to type 'ResolverSuccess<{ make: string; model: string; year: number; status: "Available" | "Rented" | "Sold" | "Maintenance" | "Reserved"; vehicle_type: "Rent" | "Sales" | "Service" | "Other"; vin: string; license_plate: string; current_mileage: number; rental_rate_daily?: number | undefined; purchase_price?: number | undef...'.
              Type 'TFieldValues' is not assignable to type '{ make: string; model: string; year: number; status: "Available" | "Rented" | "Sold" | "Maintenance" | "Reserved"; vehicle_type: "Rent" | "Sales" | "Service" | "Other"; vin: string; license_plate: string; current_mileage: number; rental_rate_daily?: number | undefined; purchase_price?: number | undefined; }'.
                Type 'FieldValues' is missing the following properties from type '{ make: string; model: string; year: number; status: "Available" | "Rented" | "Sold" | "Maintenance" | "Reserved"; vehicle_type: "Rent" | "Sales" | "Service" | "Other"; vin: string; license_plate: string; current_mileage: number; rental_rate_daily?: number | undefined; purchase_price?: number | undefined; }': make, model, year, status, and 4 more.
app/admin/cars/new/page.tsx(264,19): error TS2719: Type 'import("E:/web-projects/web-mobile-work-apps/nextjs-16-car-rental/node_modules/react-hook-form/dist/types/form").Control<{ make: string; model: string; year: number; status: "Available" | "Rented" | "Sold" | "Maintenance" | "Reserved"; vehicle_type: "Rent" | "Sales" | "Service" | "Other"; vin: string; license_plate:...' is not assignable to type 'import("E:/web-projects/web-mobile-work-apps/nextjs-16-car-rental/node_modules/react-hook-form/dist/types/form").Control<{ make: string; model: string; year: number; status: "Available" | "Rented" | "Sold" | "Maintenance" | "Reserved"; vehicle_type: "Rent" | "Sales" | "Service" | "Other"; vin: string; license_plate:...'. Two different types with this name exist, but they are unrelated.
  The types of '_options.resolver' are incompatible between these types.
    Type 'import("E:/web-projects/web-mobile-work-apps/nextjs-16-car-rental/node_modules/react-hook-form/dist/types/resolvers").Resolver<{ make: string; model: string; year: number; status: "Available" | "Rented" | "Sold" | "Maintenance" | "Reserved"; vehicle_type: "Rent" | "Sales" | "Service" | "Other"; vin: string; license_...' is not assignable to type 'import("E:/web-projects/web-mobile-work-apps/nextjs-16-car-rental/node_modules/react-hook-form/dist/types/resolvers").Resolver<{ make: string; model: string; year: number; status: "Available" | "Rented" | "Sold" | "Maintenance" | "Reserved"; vehicle_type: "Rent" | "Sales" | "Service" | "Other"; vin: string; license_...'. Two different types with this name exist, but they are unrelated.
      Type 'import("E:/web-projects/web-mobile-work-apps/nextjs-16-car-rental/node_modules/react-hook-form/dist/types/resolvers").Resolver<{ make: string; model: string; year: number; status: "Available" | "Rented" | "Sold" | "Maintenance" | "Reserved"; vehicle_type: "Rent" | "Sales" | "Service" | "Other"; vin: string; license_...' is not assignable to type 'import("E:/web-projects/web-mobile-work-apps/nextjs-16-car-rental/node_modules/react-hook-form/dist/types/resolvers").Resolver<{ make: string; model: string; year: number; status: "Available" | "Rented" | "Sold" | "Maintenance" | "Reserved"; vehicle_type: "Rent" | "Sales" | "Service" | "Other"; vin: string; license_...'. Two different types with this name exist, but they are unrelated.
        Type 'import("E:/web-projects/web-mobile-work-apps/nextjs-16-car-rental/node_modules/react-hook-form/dist/types/resolvers").ResolverResult<{ make: string; model: string; year: number; status: "Available" | "Rented" | "Sold" | "Maintenance" | "Reserved"; vehicle_type: "Rent" | "Sales" | "Service" | "Other"; vin: string; li...' is not assignable to type 'import("E:/web-projects/web-mobile-work-apps/nextjs-16-car-rental/node_modules/react-hook-form/dist/types/resolvers").ResolverResult<{ make: string; model: string; year: number; status: "Available" | "Rented" | "Sold" | "Maintenance" | "Reserved"; vehicle_type: "Rent" | "Sales" | "Service" | "Other"; vin: string; li...'. Two different types with this name exist, but they are unrelated.
          Type 'ResolverSuccess<TFieldValues>' is not assignable to type 'ResolverResult<{ make: string; model: string; year: number; status: "Available" | "Rented" | "Sold" | "Maintenance" | "Reserved"; vehicle_type: "Rent" | "Sales" | "Service" | "Other"; vin: string; license_plate: string; current_mileage: number; rental_rate_daily?: number | undefined; purchase_price?: number | undefi...'.
            Type 'ResolverSuccess<TFieldValues>' is not assignable to type 'ResolverSuccess<{ make: string; model: string; year: number; status: "Available" | "Rented" | "Sold" | "Maintenance" | "Reserved"; vehicle_type: "Rent" | "Sales" | "Service" | "Other"; vin: string; license_plate: string; current_mileage: number; rental_rate_daily?: number | undefined; purchase_price?: number | undef...'.
              Type 'TFieldValues' is not assignable to type '{ make: string; model: string; year: number; status: "Available" | "Rented" | "Sold" | "Maintenance" | "Reserved"; vehicle_type: "Rent" | "Sales" | "Service" | "Other"; vin: string; license_plate: string; current_mileage: number; rental_rate_daily?: number | undefined; purchase_price?: number | undefined; }'.
                Type 'FieldValues' is missing the following properties from type '{ make: string; model: string; year: number; status: "Available" | "Rented" | "Sold" | "Maintenance" | "Reserved"; vehicle_type: "Rent" | "Sales" | "Service" | "Other"; vin: string; license_plate: string; current_mileage: number; rental_rate_daily?: number | undefined; purchase_price?: number | undefined; }': make, model, year, status, and 4 more.
app/admin/cars/new/page.tsx(277,19): error TS2719: Type 'import("E:/web-projects/web-mobile-work-apps/nextjs-16-car-rental/node_modules/react-hook-form/dist/types/form").Control<{ make: string; model: string; year: number; status: "Available" | "Rented" | "Sold" | "Maintenance" | "Reserved"; vehicle_type: "Rent" | "Sales" | "Service" | "Other"; vin: string; license_plate:...' is not assignable to type 'import("E:/web-projects/web-mobile-work-apps/nextjs-16-car-rental/node_modules/react-hook-form/dist/types/form").Control<{ make: string; model: string; year: number; status: "Available" | "Rented" | "Sold" | "Maintenance" | "Reserved"; vehicle_type: "Rent" | "Sales" | "Service" | "Other"; vin: string; license_plate:...'. Two different types with this name exist, but they are unrelated.
  The types of '_options.resolver' are incompatible between these types.
    Type 'import("E:/web-projects/web-mobile-work-apps/nextjs-16-car-rental/node_modules/react-hook-form/dist/types/resolvers").Resolver<{ make: string; model: string; year: number; status: "Available" | "Rented" | "Sold" | "Maintenance" | "Reserved"; vehicle_type: "Rent" | "Sales" | "Service" | "Other"; vin: string; license_...' is not assignable to type 'import("E:/web-projects/web-mobile-work-apps/nextjs-16-car-rental/node_modules/react-hook-form/dist/types/resolvers").Resolver<{ make: string; model: string; year: number; status: "Available" | "Rented" | "Sold" | "Maintenance" | "Reserved"; vehicle_type: "Rent" | "Sales" | "Service" | "Other"; vin: string; license_...'. Two different types with this name exist, but they are unrelated.
      Type 'import("E:/web-projects/web-mobile-work-apps/nextjs-16-car-rental/node_modules/react-hook-form/dist/types/resolvers").Resolver<{ make: string; model: string; year: number; status: "Available" | "Rented" | "Sold" | "Maintenance" | "Reserved"; vehicle_type: "Rent" | "Sales" | "Service" | "Other"; vin: string; license_...' is not assignable to type 'import("E:/web-projects/web-mobile-work-apps/nextjs-16-car-rental/node_modules/react-hook-form/dist/types/resolvers").Resolver<{ make: string; model: string; year: number; status: "Available" | "Rented" | "Sold" | "Maintenance" | "Reserved"; vehicle_type: "Rent" | "Sales" | "Service" | "Other"; vin: string; license_...'. Two different types with this name exist, but they are unrelated.
        Type 'import("E:/web-projects/web-mobile-work-apps/nextjs-16-car-rental/node_modules/react-hook-form/dist/types/resolvers").ResolverResult<{ make: string; model: string; year: number; status: "Available" | "Rented" | "Sold" | "Maintenance" | "Reserved"; vehicle_type: "Rent" | "Sales" | "Service" | "Other"; vin: string; li...' is not assignable to type 'import("E:/web-projects/web-mobile-work-apps/nextjs-16-car-rental/node_modules/react-hook-form/dist/types/resolvers").ResolverResult<{ make: string; model: string; year: number; status: "Available" | "Rented" | "Sold" | "Maintenance" | "Reserved"; vehicle_type: "Rent" | "Sales" | "Service" | "Other"; vin: string; li...'. Two different types with this name exist, but they are unrelated.
          Type 'ResolverSuccess<TFieldValues>' is not assignable to type 'ResolverResult<{ make: string; model: string; year: number; status: "Available" | "Rented" | "Sold" | "Maintenance" | "Reserved"; vehicle_type: "Rent" | "Sales" | "Service" | "Other"; vin: string; license_plate: string; current_mileage: number; rental_rate_daily?: number | undefined; purchase_price?: number | undefi...'.
            Type 'ResolverSuccess<TFieldValues>' is not assignable to type 'ResolverSuccess<{ make: string; model: string; year: number; status: "Available" | "Rented" | "Sold" | "Maintenance" | "Reserved"; vehicle_type: "Rent" | "Sales" | "Service" | "Other"; vin: string; license_plate: string; current_mileage: number; rental_rate_daily?: number | undefined; purchase_price?: number | undef...'.
              Type 'TFieldValues' is not assignable to type '{ make: string; model: string; year: number; status: "Available" | "Rented" | "Sold" | "Maintenance" | "Reserved"; vehicle_type: "Rent" | "Sales" | "Service" | "Other"; vin: string; license_plate: string; current_mileage: number; rental_rate_daily?: number | undefined; purchase_price?: number | undefined; }'.
                Type 'FieldValues' is missing the following properties from type '{ make: string; model: string; year: number; status: "Available" | "Rented" | "Sold" | "Maintenance" | "Reserved"; vehicle_type: "Rent" | "Sales" | "Service" | "Other"; vin: string; license_plate: string; current_mileage: number; rental_rate_daily?: number | undefined; purchase_price?: number | undefined; }': make, model, year, status, and 4 more.
app/admin/cars/page.tsx(40,29): error TS7006: Parameter 'car' implicitly has an 'any' type.
app/admin/customers/page.tsx(28,30): error TS7006: Parameter 'cust' implicitly has an 'any' type.
app/admin/requests/page.tsx(33,29): error TS7006: Parameter 'req' implicitly has an 'any' type.
components/landing/CarPreviewGrid.tsx(12,6): error TS2339: Property 'from' does not exist on type 'Promise<any>'.
